

Content: 你好！有什么我可以帮助你的吗？